[INFO] Scanning for projects...
[INFO] 
[INFO] ------------------------< tn.esprit:todomodule >------------------------
[INFO] Building todomodule 0.0.1-SNAPSHOT
[INFO]   from pom.xml
[INFO] --------------------------------[ jar ]---------------------------------
[INFO] 
[INFO] --- clean:3.4.1:clean (default-clean) @ todomodule ---
[INFO] Deleting C:\jungle-in-english-backend-integration1\Service\gestiondoto\target
[INFO] 
[INFO] --- resources:3.3.1:resources (default-resources) @ todomodule ---
[INFO] Copying 1 resource from src\main\resources to target\classes
[INFO] Copying 0 resource from src\main\resources to target\classes
[INFO] 
[INFO] --- compiler:3.13.0:compile (default-compile) @ todomodule ---
[INFO] Recompiling the module because of changed source code.
[INFO] Compiling 25 source files with javac [debug parameters release 17] to target\classes
[INFO] -------------------------------------------------------------
[WARNING] COMPILATION WARNING : 
[INFO] -------------------------------------------------------------
[WARNING] /C:/jungle-in-english-backend-integration1/Service/gestiondoto/src/main/java/tn/esprit/todomodule/entity/Todo.java:[38,24] @Builder will ignore the initializing expression entirely. If you want the initializing expression to serve as default, add @Builder.Default. If it is not supposed to be settable during building, make the field final.
[WARNING] /C:/jungle-in-english-backend-integration1/Service/gestiondoto/src/main/java/tn/esprit/todomodule/entity/Todo.java:[42,22] @Builder will ignore the initializing expression entirely. If you want the initializing expression to serve as default, add @Builder.Default. If it is not supposed to be settable during building, make the field final.
[WARNING] /C:/jungle-in-english-backend-integration1/Service/gestiondoto/src/main/java/tn/esprit/todomodule/entity/Todo.java:[54,21] @Builder will ignore the initializing expression entirely. If you want the initializing expression to serve as default, add @Builder.Default. If it is not supposed to be settable during building, make the field final.
[WARNING] /C:/jungle-in-english-backend-integration1/Service/gestiondoto/src/main/java/tn/esprit/todomodule/entity/Todo.java:[61,28] @Builder will ignore the initializing expression entirely. If you want the initializing expression to serve as default, add @Builder.Default. If it is not supposed to be settable during building, make the field final.
[WARNING] /C:/jungle-in-english-backend-integration1/Service/gestiondoto/src/main/java/tn/esprit/todomodule/entity/Reminder.java:[35,21] @Builder will ignore the initializing expression entirely. If you want the initializing expression to serve as default, add @Builder.Default. If it is not supposed to be settable during building, make the field final.
[INFO] 5 warnings 
[INFO] -------------------------------------------------------------
[INFO] -------------------------------------------------------------
[ERROR] COMPILATION ERROR : 
[INFO] -------------------------------------------------------------
[ERROR] constructor User() is already defined in class tn.esprit.todomodule.entity.User
[ERROR] /C:/jungle-in-english-backend-integration1/Service/gestiondoto/src/main/java/tn/esprit/todomodule/entity/User.java:[21,1] constructor User() is already defined in class tn.esprit.todomodule.entity.User
[ERROR] /C:/jungle-in-english-backend-integration1/Service/gestiondoto/src/main/java/tn/esprit/todomodule/controller/TodoController.java:[23,2] cannot find symbol
  symbol: class RestController
[ERROR] /C:/jungle-in-english-backend-integration1/Service/gestiondoto/src/main/java/tn/esprit/todomodule/controller/TodoController.java:[24,2] cannot find symbol
  symbol: class RequestMapping
[ERROR] /C:/jungle-in-english-backend-integration1/Service/gestiondoto/src/main/java/tn/esprit/todomodule/controller/TodoController.java:[45,47] cannot find symbol
  symbol:   class AuthenticationPrincipal
  location: class tn.esprit.todomodule.controller.TodoController
[ERROR] /C:/jungle-in-english-backend-integration1/Service/gestiondoto/src/main/java/tn/esprit/todomodule/controller/TodoController.java:[43,6] cannot find symbol
  symbol:   class GetMapping
  location: class tn.esprit.todomodule.controller.TodoController
[ERROR] /C:/jungle-in-english-backend-integration1/Service/gestiondoto/src/main/java/tn/esprit/todomodule/controller/TodoController.java:[64,42] cannot find symbol
  symbol:   class PathVariable
  location: class tn.esprit.todomodule.controller.TodoController
[ERROR] /C:/jungle-in-english-backend-integration1/Service/gestiondoto/src/main/java/tn/esprit/todomodule/controller/TodoController.java:[62,6] cannot find symbol
  symbol:   class GetMapping
  location: class tn.esprit.todomodule.controller.TodoController
[ERROR] /C:/jungle-in-english-backend-integration1/Service/gestiondoto/src/main/java/tn/esprit/todomodule/controller/TodoController.java:[71,52] cannot find symbol
  symbol:   class PathVariable
  location: class tn.esprit.todomodule.controller.TodoController
[ERROR] /C:/jungle-in-english-backend-integration1/Service/gestiondoto/src/main/java/tn/esprit/todomodule/controller/TodoController.java:[70,6] cannot find symbol
  symbol:   class GetMapping
  location: class tn.esprit.todomodule.controller.TodoController
[ERROR] /C:/jungle-in-english-backend-integration1/Service/gestiondoto/src/main/java/tn/esprit/todomodule/controller/TodoController.java:[75,6] cannot find symbol
  symbol:   class GetMapping
  location: class tn.esprit.todomodule.controller.TodoController
[ERROR] /C:/jungle-in-english-backend-integration1/Service/gestiondoto/src/main/java/tn/esprit/todomodule/controller/TodoController.java:[83,48] cannot find symbol
  symbol:   class RequestBody
  location: class tn.esprit.todomodule.controller.TodoController
[ERROR] /C:/jungle-in-english-backend-integration1/Service/gestiondoto/src/main/java/tn/esprit/todomodule/controller/TodoController.java:[83,72] cannot find symbol
  symbol:   class AuthenticationPrincipal
  location: class tn.esprit.todomodule.controller.TodoController
[ERROR] /C:/jungle-in-english-backend-integration1/Service/gestiondoto/src/main/java/tn/esprit/todomodule/controller/TodoController.java:[81,6] cannot find symbol
  symbol:   class PostMapping
  location: class tn.esprit.todomodule.controller.TodoController
[ERROR] /C:/jungle-in-english-backend-integration1/Service/gestiondoto/src/main/java/tn/esprit/todomodule/controller/TodoController.java:[96,14] cannot find symbol
  symbol:   class PathVariable
  location: class tn.esprit.todomodule.controller.TodoController
[ERROR] /C:/jungle-in-english-backend-integration1/Service/gestiondoto/src/main/java/tn/esprit/todomodule/controller/TodoController.java:[97,21] cannot find symbol
  symbol:   class RequestBody
  location: class tn.esprit.todomodule.controller.TodoController
[ERROR] /C:/jungle-in-english-backend-integration1/Service/gestiondoto/src/main/java/tn/esprit/todomodule/controller/TodoController.java:[98,14] cannot find symbol
  symbol:   class AuthenticationPrincipal
  location: class tn.esprit.todomodule.controller.TodoController
[ERROR] /C:/jungle-in-english-backend-integration1/Service/gestiondoto/src/main/java/tn/esprit/todomodule/controller/TodoController.java:[93,6] cannot find symbol
  symbol:   class PutMapping
  location: class tn.esprit.todomodule.controller.TodoController
[ERROR] /C:/jungle-in-english-backend-integration1/Service/gestiondoto/src/main/java/tn/esprit/todomodule/controller/TodoController.java:[112,41] cannot find symbol
  symbol:   class RequestParam
  location: class tn.esprit.todomodule.controller.TodoController
[ERROR] /C:/jungle-in-english-backend-integration1/Service/gestiondoto/src/main/java/tn/esprit/todomodule/controller/TodoController.java:[112,64] cannot find symbol
  symbol:   class AuthenticationPrincipal
  location: class tn.esprit.todomodule.controller.TodoController
[ERROR] /C:/jungle-in-english-backend-integration1/Service/gestiondoto/src/main/java/tn/esprit/todomodule/controller/TodoController.java:[110,6] cannot find symbol
  symbol:   class DeleteMapping
  location: class tn.esprit.todomodule.controller.TodoController
[INFO] 21 errors 
[INFO] -------------------------------------------------------------
[INFO] ------------------------------------------------------------------------
[INFO] BUILD FAILURE
[INFO] ------------------------------------------------------------------------
[INFO] Total time:  3.337 s
[INFO] Finished at: 2026-03-05T04:38:33+01:00
[INFO] ------------------------------------------------------------------------
[ERROR] Failed to execute goal org.apache.maven.plugins:maven-compiler-plugin:3.13.0:compile (default-compile) on project todomodule: Compilation failure: Compilation failure: 
[ERROR] constructor User() is already defined in class tn.esprit.todomodule.entity.User
[ERROR] /C:/jungle-in-english-backend-integration1/Service/gestiondoto/src/main/java/tn/esprit/todomodule/entity/User.java:[21,1] constructor User() is already defined in class tn.esprit.todomodule.entity.User
[ERROR] /C:/jungle-in-english-backend-integration1/Service/gestiondoto/src/main/java/tn/esprit/todomodule/controller/TodoController.java:[23,2] cannot find symbol
[ERROR]   symbol: class RestController
[ERROR] /C:/jungle-in-english-backend-integration1/Service/gestiondoto/src/main/java/tn/esprit/todomodule/controller/TodoController.java:[24,2] cannot find symbol
[ERROR]   symbol: class RequestMapping
[ERROR] /C:/jungle-in-english-backend-integration1/Service/gestiondoto/src/main/java/tn/esprit/todomodule/controller/TodoController.java:[45,47] cannot find symbol
[ERROR]   symbol:   class AuthenticationPrincipal
[ERROR]   location: class tn.esprit.todomodule.controller.TodoController
[ERROR] /C:/jungle-in-english-backend-integration1/Service/gestiondoto/src/main/java/tn/esprit/todomodule/controller/TodoController.java:[43,6] cannot find symbol
[ERROR]   symbol:   class GetMapping
[ERROR]   location: class tn.esprit.todomodule.controller.TodoController
[ERROR] /C:/jungle-in-english-backend-integration1/Service/gestiondoto/src/main/java/tn/esprit/todomodule/controller/TodoController.java:[64,42] cannot find symbol
[ERROR]   symbol:   class PathVariable
[ERROR]   location: class tn.esprit.todomodule.controller.TodoController
[ERROR] /C:/jungle-in-english-backend-integration1/Service/gestiondoto/src/main/java/tn/esprit/todomodule/controller/TodoController.java:[62,6] cannot find symbol
[ERROR]   symbol:   class GetMapping
[ERROR]   location: class tn.esprit.todomodule.controller.TodoController
[ERROR] /C:/jungle-in-english-backend-integration1/Service/gestiondoto/src/main/java/tn/esprit/todomodule/controller/TodoController.java:[71,52] cannot find symbol
[ERROR]   symbol:   class PathVariable
[ERROR]   location: class tn.esprit.todomodule.controller.TodoController
[ERROR] /C:/jungle-in-english-backend-integration1/Service/gestiondoto/src/main/java/tn/esprit/todomodule/controller/TodoController.java:[70,6] cannot find symbol
[ERROR]   symbol:   class GetMapping
[ERROR]   location: class tn.esprit.todomodule.controller.TodoController
[ERROR] /C:/jungle-in-english-backend-integration1/Service/gestiondoto/src/main/java/tn/esprit/todomodule/controller/TodoController.java:[75,6] cannot find symbol
[ERROR]   symbol:   class GetMapping
[ERROR]   location: class tn.esprit.todomodule.controller.TodoController
[ERROR] /C:/jungle-in-english-backend-integration1/Service/gestiondoto/src/main/java/tn/esprit/todomodule/controller/TodoController.java:[83,48] cannot find symbol
[ERROR]   symbol:   class RequestBody
[ERROR]   location: class tn.esprit.todomodule.controller.TodoController
[ERROR] /C:/jungle-in-english-backend-integration1/Service/gestiondoto/src/main/java/tn/esprit/todomodule/controller/TodoController.java:[83,72] cannot find symbol
[ERROR]   symbol:   class AuthenticationPrincipal
[ERROR]   location: class tn.esprit.todomodule.controller.TodoController
[ERROR] /C:/jungle-in-english-backend-integration1/Service/gestiondoto/src/main/java/tn/esprit/todomodule/controller/TodoController.java:[81,6] cannot find symbol
[ERROR]   symbol:   class PostMapping
[ERROR]   location: class tn.esprit.todomodule.controller.TodoController
[ERROR] /C:/jungle-in-english-backend-integration1/Service/gestiondoto/src/main/java/tn/esprit/todomodule/controller/TodoController.java:[96,14] cannot find symbol
[ERROR]   symbol:   class PathVariable
[ERROR]   location: class tn.esprit.todomodule.controller.TodoController
[ERROR] /C:/jungle-in-english-backend-integration1/Service/gestiondoto/src/main/java/tn/esprit/todomodule/controller/TodoController.java:[97,21] cannot find symbol
[ERROR]   symbol:   class RequestBody
[ERROR]   location: class tn.esprit.todomodule.controller.TodoController
[ERROR] /C:/jungle-in-english-backend-integration1/Service/gestiondoto/src/main/java/tn/esprit/todomodule/controller/TodoController.java:[98,14] cannot find symbol
[ERROR]   symbol:   class AuthenticationPrincipal
[ERROR]   location: class tn.esprit.todomodule.controller.TodoController
[ERROR] /C:/jungle-in-english-backend-integration1/Service/gestiondoto/src/main/java/tn/esprit/todomodule/controller/TodoController.java:[93,6] cannot find symbol
[ERROR]   symbol:   class PutMapping
[ERROR]   location: class tn.esprit.todomodule.controller.TodoController
[ERROR] /C:/jungle-in-english-backend-integration1/Service/gestiondoto/src/main/java/tn/esprit/todomodule/controller/TodoController.java:[112,41] cannot find symbol
[ERROR]   symbol:   class RequestParam
[ERROR]   location: class tn.esprit.todomodule.controller.TodoController
[ERROR] /C:/jungle-in-english-backend-integration1/Service/gestiondoto/src/main/java/tn/esprit/todomodule/controller/TodoController.java:[112,64] cannot find symbol
[ERROR]   symbol:   class AuthenticationPrincipal
[ERROR]   location: class tn.esprit.todomodule.controller.TodoController
[ERROR] /C:/jungle-in-english-backend-integration1/Service/gestiondoto/src/main/java/tn/esprit/todomodule/controller/TodoController.java:[110,6] cannot find symbol
[ERROR]   symbol:   class DeleteMapping
[ERROR]   location: class tn.esprit.todomodule.controller.TodoController
[ERROR] -> [Help 1]
[ERROR] 
[ERROR] To see the full stack trace of the errors, re-run Maven with the -e switch.
[ERROR] Re-run Maven using the -X switch to enable full debug logging.
[ERROR] 
[ERROR] For more information about the errors and possible solutions, please read the following articles:
[ERROR] [Help 1] http://cwiki.apache.org/confluence/display/MAVEN/MojoFailureException
